main.cpp:138:5:int main()	16	static
main.cpp:210:13:void MX_ADC1_Init()	48	static
main.cpp:275:13:void MX_ADC3_Init()	40	static
main.cpp:332:13:void MX_ETH_Init()	8	static
main.cpp:381:13:void MX_HDMI_CEC_Init()	8	static
main.cpp:417:13:void MX_QUADSPI_Init()	8	static
main.cpp:451:13:void MX_RTC_Init()	48	static
main.cpp:503:13:void MX_SAI1_Init()	8	static
main.cpp:572:13:void MX_SDMMC1_SD_Init()	8	static
main.cpp:603:13:void MX_SPDIFRX1_Init()	8	static
main.cpp:641:13:void MX_SPI2_Init()	8	static
main.cpp:689:13:void MX_SPI5_Init()	8	static
main.cpp:737:13:void MX_TIM8_Init()	96	static
main.cpp:807:13:void MX_TIM13_Init()	24	static
main.cpp:852:13:void MX_UART8_Init()	8	static
main.cpp:900:6:void MX_USART1_UART_Init()	8	static
main.cpp:948:13:void MX_USB_OTG_HS_PCD_Init()	8	static
main.cpp:980:6:void MX_FMC_Init()	40	static
main.cpp:1031:13:void MX_GPIO_Init()	56	static
main.cpp:1057:6:void Error_Handler()	4	static,ignoring_inline_asm
