main.c:138:5:main	16	static
main.c:210:13:MX_ADC1_Init	48	static
main.c:275:13:MX_ADC3_Init	40	static
main.c:332:13:MX_ETH_Init	8	static
main.c:381:13:MX_HDMI_CEC_Init	8	static
main.c:417:13:MX_QUADSPI_Init	8	static
main.c:451:13:MX_RTC_Init	48	static
main.c:503:13:MX_SAI1_Init	8	static
main.c:572:13:MX_SDMMC1_SD_Init	8	static
main.c:603:13:MX_SPDIFRX1_Init	8	static
main.c:641:13:MX_SPI2_Init	8	static
main.c:689:13:MX_SPI5_Init	8	static
main.c:737:13:MX_TIM8_Init	96	static
main.c:807:13:MX_TIM13_Init	24	static
main.c:852:13:MX_UART8_Init	8	static
main.c:900:6:MX_USART1_UART_Init	8	static
main.c:948:13:MX_USB_OTG_HS_PCD_Init	8	static
main.c:980:6:MX_FMC_Init	40	static
main.c:1031:13:MX_GPIO_Init	56	static
main.c:1057:6:Error_Handler	4	static,ignoring_inline_asm
