stm32h7xx_hal_msp.c:65:6:HAL_MspInit	16	static
stm32h7xx_hal_msp.c:86:6:HAL_ADC_MspInit	56	static
stm32h7xx_hal_msp.c:147:6:HAL_ADC_MspDeInit	16	static
stm32h7xx_hal_msp.c:189:6:HAL_ETH_MspInit	64	static
stm32h7xx_hal_msp.c:250:6:HAL_ETH_MspDeInit	16	static
stm32h7xx_hal_msp.c:292:6:HAL_CEC_MspInit	240	static
stm32h7xx_hal_msp.c:340:6:HAL_CEC_MspDeInit	16	static
stm32h7xx_hal_msp.c:370:6:HAL_QSPI_MspInit	256	static
stm32h7xx_hal_msp.c:470:6:HAL_QSPI_MspDeInit	16	static
stm32h7xx_hal_msp.c:515:6:HAL_RTC_MspInit	208	static
stm32h7xx_hal_msp.c:547:6:HAL_RTC_MspDeInit	16	static
stm32h7xx_hal_msp.c:569:6:HAL_SD_MspInit	240	static
stm32h7xx_hal_msp.c:628:6:HAL_SD_MspDeInit	16	static
stm32h7xx_hal_msp.c:664:6:HAL_SPDIFRX_MspInit	240	static
stm32h7xx_hal_msp.c:709:6:HAL_SPDIFRX_MspDeInit	16	static
stm32h7xx_hal_msp.c:737:6:HAL_SPI_MspInit	256	static
stm32h7xx_hal_msp.c:837:6:HAL_SPI_MspDeInit	16	static
stm32h7xx_hal_msp.c:892:6:HAL_TIM_OC_MspInit	24	static
stm32h7xx_hal_msp.c:914:6:HAL_TIM_Base_MspInit	48	static
stm32h7xx_hal_msp.c:943:6:HAL_TIM_MspPostInit	40	static
stm32h7xx_hal_msp.c:976:6:HAL_TIM_OC_MspDeInit	16	static
stm32h7xx_hal_msp.c:998:6:HAL_TIM_Base_MspDeInit	16	static
stm32h7xx_hal_msp.c:1026:6:HAL_UART_MspInit	240	static
stm32h7xx_hal_msp.c:1093:6:HAL_UART_MspDeInit	16	static
stm32h7xx_hal_msp.c:1133:6:HAL_PCD_MspInit	256	static
stm32h7xx_hal_msp.c:1225:6:HAL_PCD_MspDeInit	16	static
stm32h7xx_hal_msp.c:1270:13:HAL_FMC_MspInit	224	static
stm32h7xx_hal_msp.c:1408:6:HAL_SDRAM_MspInit	16	static
stm32h7xx_hal_msp.c:1420:13:HAL_FMC_MspDeInit	8	static
stm32h7xx_hal_msp.c:1516:6:HAL_SDRAM_MspDeInit	16	static
stm32h7xx_hal_msp.c:1528:6:HAL_SAI_MspInit	240	static
stm32h7xx_hal_msp.c:1604:6:HAL_SAI_MspDeInit	16	static
