Practica1.h:94:6:void Practica1()	16	static
Practica2.h:43:6:void Practica2()	184	static
Practica2.h:139:6:void configure_out_leds()	4	static
Practica2.h:143:6:void change_led_state(uint8_t, uint8_t)	24	static
Practica2.h:177:6:void recibir_cadena(custom_char*)	32	static
Practica2.h:202:6:void enviar_cadena(char*, int)	24	static
Practica3.h:51:6:void Practica3()	8	static
Practica3.h:62:6:void ejercicio_3_1()	88	static
Practica3.h:83:6:void ejercicio_3_2()	24	static
Practica3.h:131:6:void ejercicio_3_3()	40	static,ignoring_inline_asm
main.cpp:74:5:int main()	32	static,ignoring_inline_asm
main.cpp:157:6:void SystemClock_Config()	120	static
main.cpp:215:6:void PeriphCommonClock_Config()	200	static
main.cpp:240:13:void MX_USART1_UART_Init()	8	static
main.cpp:283:13:void MX_GPIO_Init()	40	static
main.cpp:309:6:void Error_Handler()	4	static,ignoring_inline_asm
